mode: set
abc-user-management/cmd/server/main.go:19.13,29.26 5 0
abc-user-management/cmd/server/main.go:29.26,31.17 2 0
abc-user-management/cmd/server/main.go:31.17,33.9 2 0
abc-user-management/cmd/server/main.go:35.3,36.30 2 0
abc-user-management/cmd/server/main.go:39.2,39.16 1 0
abc-user-management/cmd/server/main.go:39.16,41.3 1 0
abc-user-management/cmd/server/main.go:44.2,47.24 4 0
abc-user-management/cmd/server/main.go:47.24,50.17 2 0
abc-user-management/cmd/server/main.go:50.17,53.4 2 0
abc-user-management/cmd/server/main.go:53.9,56.4 2 0
abc-user-management/cmd/server/main.go:60.2,63.16 4 0
abc-user-management/cmd/server/main.go:63.16,66.3 2 0
abc-user-management/cmd/server/main.go:66.8,69.13 2 0
abc-user-management/cmd/server/main.go:69.13,70.52 1 0
abc-user-management/cmd/server/main.go:70.52,71.59 1 0
abc-user-management/cmd/server/main.go:71.59,73.6 1 0
abc-user-management/cmd/server/main.go:79.2,83.37 3 0
abc-user-management/cmd/server/main.go:83.37,85.3 1 0
abc-user-management/cmd/server/main.go:85.8,87.3 1 0
abc-user-management/cmd/server/main.go:90.2,101.51 8 0
abc-user-management/cmd/server/main.go:101.51,103.3 1 0
abc-user-management/cmd/server/main.go:107.61,117.16 5 0
abc-user-management/cmd/server/main.go:117.16,119.3 1 0
abc-user-management/cmd/server/main.go:119.8,121.3 1 0
abc-user-management/internal/config/config.go:29.21,51.2 2 0
abc-user-management/internal/config/config.go:53.46,54.42 1 0
abc-user-management/internal/config/config.go:54.42,56.3 1 0
abc-user-management/internal/config/config.go:57.2,57.21 1 0
abc-user-management/internal/middleware/auth.go:12.32,13.33 1 0
abc-user-management/internal/middleware/auth.go:13.33,16.29 2 0
abc-user-management/internal/middleware/auth.go:16.29,22.10 3 0
abc-user-management/internal/middleware/auth.go:25.9,26.62 2 0
abc-user-management/internal/middleware/auth.go:26.62,32.10 3 0
abc-user-management/internal/middleware/auth.go:35.9,36.23 2 0
abc-user-management/internal/middleware/auth.go:36.23,42.10 3 0
abc-user-management/internal/middleware/auth.go:45.9,49.17 4 0
abc-user-management/internal/middleware/cors.go:8.29,9.33 1 0
abc-user-management/internal/middleware/cors.go:9.33,17.42 5 0
abc-user-management/internal/middleware/cors.go:17.42,20.10 2 0
abc-user-management/internal/middleware/cors.go:22.9,22.17 1 0
abc-user-management/internal/middleware/logger.go:11.59,12.33 1 0
abc-user-management/internal/middleware/logger.go:12.33,32.6 4 0
abc-user-management/internal/middleware/rate_limit.go:26.68,38.2 3 0
abc-user-management/internal/middleware/rate_limit.go:41.53,42.33 1 0
abc-user-management/internal/middleware/rate_limit.go:42.33,47.39 2 0
abc-user-management/internal/middleware/rate_limit.go:47.39,53.10 3 0
abc-user-management/internal/middleware/rate_limit.go:55.9,55.17 1 0
abc-user-management/internal/middleware/rate_limit.go:60.59,68.16 5 0
abc-user-management/internal/middleware/rate_limit.go:68.16,75.6 2 0
abc-user-management/internal/middleware/rate_limit.go:78.5,78.43 1 0
abc-user-management/internal/middleware/rate_limit.go:78.43,83.6 3 0
abc-user-management/internal/middleware/rate_limit.go:86.5,86.27 1 0
abc-user-management/internal/middleware/rate_limit.go:86.27,88.6 1 0
abc-user-management/internal/middleware/rate_limit.go:91.5,92.16 2 0
abc-user-management/internal/middleware/rate_limit.go:96.42,97.9 1 0
abc-user-management/internal/middleware/rate_limit.go:97.9,104.40 4 0
abc-user-management/internal/middleware/rate_limit.go:104.40,105.53 1 0
abc-user-management/internal/middleware/rate_limit.go:105.53,107.14 1 0
abc-user-management/internal/middleware/rate_limit.go:110.9,110.23 1 0
abc-user-management/internal/controllers/auth.go:17.98,22.2 1 0
abc-user-management/internal/controllers/auth.go:33.50,40.57 2 0
abc-user-management/internal/controllers/auth.go:40.57,45.3 2 0
abc-user-management/internal/controllers/auth.go:48.2,49.16 2 0
abc-user-management/internal/controllers/auth.go:49.16,55.3 3 0
abc-user-management/internal/controllers/auth.go:58.2,69.4 2 0
abc-user-management/internal/controllers/auth.go:82.66,92.2 1 0
abc-user-management/internal/controllers/users.go:19.94,24.2 1 0
abc-user-management/internal/controllers/users.go:36.55,40.50 2 0
abc-user-management/internal/controllers/users.go:40.50,47.3 3 0
abc-user-management/internal/controllers/users.go:50.2,50.52 1 0
abc-user-management/internal/controllers/users.go:50.52,55.44 3 0
abc-user-management/internal/controllers/users.go:55.44,57.4 1 0
abc-user-management/internal/controllers/users.go:57.9,57.55 1 0
abc-user-management/internal/controllers/users.go:57.55,59.4 1 0
abc-user-management/internal/controllers/users.go:61.3,64.9 2 0
abc-user-management/internal/controllers/users.go:68.2,73.4 2 0
abc-user-management/internal/controllers/users.go:86.53,93.14 4 0
abc-user-management/internal/controllers/users.go:93.14,95.3 1 0
abc-user-management/internal/controllers/users.go:96.2,96.30 1 0
abc-user-management/internal/controllers/users.go:96.30,98.3 1 0
abc-user-management/internal/controllers/users.go:101.2,102.16 2 0
abc-user-management/internal/controllers/users.go:102.16,108.3 3 0
abc-user-management/internal/controllers/users.go:111.2,119.4 1 0
abc-user-management/internal/controllers/users.go:131.52,134.16 2 0
abc-user-management/internal/controllers/users.go:134.16,139.3 2 0
abc-user-management/internal/controllers/users.go:142.2,143.16 2 0
abc-user-management/internal/controllers/users.go:143.16,149.3 3 0
abc-user-management/internal/controllers/users.go:151.2,153.4 1 0
abc-user-management/internal/controllers/users.go:165.55,168.16 2 0
abc-user-management/internal/controllers/users.go:168.16,173.3 2 0
abc-user-management/internal/controllers/users.go:176.2,177.53 2 0
abc-user-management/internal/controllers/users.go:177.53,182.3 2 0
abc-user-management/internal/controllers/users.go:185.2,185.64 1 0
abc-user-management/internal/controllers/users.go:185.64,189.38 3 0
abc-user-management/internal/controllers/users.go:189.38,191.4 1 0
abc-user-management/internal/controllers/users.go:191.9,191.55 1 0
abc-user-management/internal/controllers/users.go:191.55,193.4 1 0
abc-user-management/internal/controllers/users.go:195.3,198.9 2 0
abc-user-management/internal/controllers/users.go:201.2,204.4 2 0
abc-user-management/internal/controllers/users.go:217.55,220.16 2 0
abc-user-management/internal/controllers/users.go:220.16,225.3 2 0
abc-user-management/internal/controllers/users.go:228.2,228.55 1 0
abc-user-management/internal/controllers/users.go:228.55,234.3 3 0
abc-user-management/internal/controllers/users.go:236.2,239.4 2 0
abc-user-management/internal/events/consumer.go:11.66,14.19 2 0
abc-user-management/internal/events/consumer.go:14.19,16.6 1 0
abc-user-management/internal/events/consumer.go:19.5,28.19 2 0
abc-user-management/internal/events/consumer.go:28.19,30.6 1 0
abc-user-management/internal/events/consumer.go:33.5,41.19 2 0
abc-user-management/internal/events/consumer.go:41.19,43.6 1 0
abc-user-management/internal/events/consumer.go:46.5,53.19 2 0
abc-user-management/internal/events/consumer.go:53.19,55.6 1 0
abc-user-management/internal/events/consumer.go:58.5,67.19 2 0
abc-user-management/internal/events/consumer.go:67.19,69.6 1 0
abc-user-management/internal/events/consumer.go:72.5,80.15 5 0
abc-user-management/internal/events/consumer.go:80.15,81.31 1 0
abc-user-management/internal/events/consumer.go:81.31,84.68 2 0
abc-user-management/internal/events/consumer.go:84.68,87.25 3 0
abc-user-management/internal/events/consumer.go:91.13,97.79 4 0
abc-user-management/internal/events/consumer.go:97.79,100.14 2 0
abc-user-management/internal/events/consumer.go:100.19,102.14 1 0
abc-user-management/internal/events/consumer.go:106.5,107.15 2 0
abc-user-management/internal/events/consumer.go:111.56,115.22 2 0
abc-user-management/internal/events/consumer.go:116.25,118.54 1 0
abc-user-management/internal/events/consumer.go:121.25,123.52 1 0
abc-user-management/internal/events/consumer.go:126.25,128.54 1 0
abc-user-management/internal/events/consumer.go:131.13,132.56 1 0
abc-user-management/internal/events/consumer.go:135.5,135.15 1 0
abc-user-management/internal/events/handlers.go:21.72,28.30 4 0
abc-user-management/internal/events/handlers.go:28.30,30.6 1 0
abc-user-management/internal/events/handlers.go:33.5,33.27 1 0
abc-user-management/internal/events/handlers.go:33.27,35.6 1 0
abc-user-management/internal/events/handlers.go:38.5,40.15 2 0
abc-user-management/internal/events/handlers.go:50.72,57.30 4 0
abc-user-management/internal/events/handlers.go:57.30,59.6 1 0
abc-user-management/internal/events/handlers.go:62.5,62.50 1 0
abc-user-management/internal/events/handlers.go:62.50,64.35 2 0
abc-user-management/internal/events/handlers.go:64.35,66.10 1 0
abc-user-management/internal/events/handlers.go:70.5,72.15 2 0
abc-user-management/internal/events/handlers.go:82.72,90.32 4 0
abc-user-management/internal/events/handlers.go:90.32,99.6 3 0
abc-user-management/internal/events/handlers.go:102.5,102.26 1 0
abc-user-management/internal/events/handlers.go:102.26,105.6 2 0
abc-user-management/internal/events/handlers.go:107.5,109.15 2 0
abc-user-management/internal/events/handlers.go:118.54,122.2 1 0
abc-user-management/internal/events/handlers.go:125.81,128.2 2 0
abc-user-management/internal/events/handlers.go:131.82,134.2 2 0
abc-user-management/internal/events/handlers.go:137.98,139.16 2 0
abc-user-management/internal/events/handlers.go:139.16,142.6 2 0
abc-user-management/internal/events/handlers.go:145.5,145.18 1 0
abc-user-management/internal/events/handlers.go:145.18,146.41 1 0
abc-user-management/internal/events/handlers.go:146.41,148.10 1 0
abc-user-management/internal/events/handlers.go:151.5,151.32 1 0
abc-user-management/internal/events/publisher.go:15.72,16.20 1 0
abc-user-management/internal/events/publisher.go:16.20,18.6 1 0
abc-user-management/internal/events/publisher.go:20.5,21.19 2 0
abc-user-management/internal/events/publisher.go:21.19,23.6 1 0
abc-user-management/internal/events/publisher.go:26.5,35.19 2 0
abc-user-management/internal/events/publisher.go:35.19,37.6 1 0
abc-user-management/internal/events/publisher.go:39.5,42.11 1 0
abc-user-management/internal/events/publisher.go:46.76,48.37 1 0
abc-user-management/internal/events/publisher.go:48.37,51.6 2 0
abc-user-management/internal/events/publisher.go:54.5,58.19 2 0
abc-user-management/internal/events/publisher.go:58.19,60.6 1 0
abc-user-management/internal/events/publisher.go:63.5,74.19 2 0
abc-user-management/internal/events/publisher.go:74.19,77.6 2 0
abc-user-management/internal/events/publisher.go:79.5,80.15 2 0
abc-user-management/internal/events/publisher.go:84.40,85.37 1 0
abc-user-management/internal/events/publisher.go:85.37,87.6 1 0
abc-user-management/internal/events/publisher.go:88.5,88.15 1 0
abc-user-management/internal/models/admin.go:17.55,18.37 1 0
abc-user-management/internal/models/admin.go:18.37,19.40 1 0
abc-user-management/internal/models/admin.go:19.40,21.10 1 0
abc-user-management/internal/models/admin.go:23.5,23.17 1 0
abc-user-management/internal/models/admin.go:27.33,29.2 1 0
abc-user-management/internal/models/admin.go:32.42,36.29 2 0
abc-user-management/internal/models/admin.go:36.29,38.6 1 0
abc-user-management/internal/models/admin.go:42.38,46.2 3 0
abc-user-management/internal/models/user.go:28.32,30.2 1 0
abc-user-management/internal/models/user.go:33.33,34.19 1 0
abc-user-management/internal/models/user.go:34.19,36.6 1 0
abc-user-management/internal/models/user.go:37.5,37.22 1 0
abc-user-management/internal/models/user.go:37.22,39.6 1 0
abc-user-management/internal/models/user.go:40.5,40.15 1 0
abc-user-management/internal/repositories/interface.go:23.77,28.2 1 0
abc-user-management/internal/repositories/interface.go:31.65,32.22 1 0
abc-user-management/internal/repositories/interface.go:33.18,34.45 1 0
abc-user-management/internal/repositories/interface.go:35.20,36.45 1 0
abc-user-management/internal/repositories/interface.go:37.13,38.45 1 0
abc-user-management/internal/repositories/mongodb.go:19.66,26.2 2 0
abc-user-management/internal/repositories/mongodb.go:29.63,32.19 2 0
abc-user-management/internal/repositories/mongodb.go:32.19,34.6 1 0
abc-user-management/internal/repositories/mongodb.go:37.5,37.48 1 0
abc-user-management/internal/repositories/mongodb.go:37.48,39.6 1 0
abc-user-management/internal/repositories/mongodb.go:41.5,41.15 1 0
abc-user-management/internal/repositories/mongodb.go:45.71,52.36 4 0
abc-user-management/internal/repositories/mongodb.go:52.36,54.6 1 0
abc-user-management/internal/repositories/mongodb.go:55.5,55.19 1 0
abc-user-management/internal/repositories/mongodb.go:55.19,57.6 1 0
abc-user-management/internal/repositories/mongodb.go:59.5,59.22 1 0
abc-user-management/internal/repositories/mongodb.go:63.79,70.36 4 0
abc-user-management/internal/repositories/mongodb.go:70.36,72.6 1 0
abc-user-management/internal/repositories/mongodb.go:73.5,73.19 1 0
abc-user-management/internal/repositories/mongodb.go:73.19,75.6 1 0
abc-user-management/internal/repositories/mongodb.go:77.5,77.22 1 0
abc-user-management/internal/repositories/mongodb.go:81.101,86.21 3 0
abc-user-management/internal/repositories/mongodb.go:86.21,94.6 1 0
abc-user-management/internal/repositories/mongodb.go:97.5,98.19 2 0
abc-user-management/internal/repositories/mongodb.go:98.19,100.6 1 0
abc-user-management/internal/repositories/mongodb.go:103.5,113.19 7 0
abc-user-management/internal/repositories/mongodb.go:113.19,115.6 1 0
abc-user-management/internal/repositories/mongodb.go:116.5,119.28 2 0
abc-user-management/internal/repositories/mongodb.go:119.28,121.52 2 0
abc-user-management/internal/repositories/mongodb.go:121.52,122.21 1 0
abc-user-management/internal/repositories/mongodb.go:124.9,124.36 1 0
abc-user-management/internal/repositories/mongodb.go:127.5,127.29 1 0
abc-user-management/internal/repositories/mongodb.go:131.63,149.19 4 0
abc-user-management/internal/repositories/mongodb.go:149.19,151.6 1 0
abc-user-management/internal/repositories/mongodb.go:153.5,153.33 1 0
abc-user-management/internal/repositories/mongodb.go:153.33,155.6 1 0
abc-user-management/internal/repositories/mongodb.go:157.5,157.15 1 0
abc-user-management/internal/repositories/mongodb.go:161.53,172.19 4 0
abc-user-management/internal/repositories/mongodb.go:172.19,174.6 1 0
abc-user-management/internal/repositories/mongodb.go:176.5,176.33 1 0
abc-user-management/internal/repositories/mongodb.go:176.33,178.6 1 0
abc-user-management/internal/repositories/mongodb.go:180.5,180.15 1 0
abc-user-management/internal/repositories/mongodb.go:184.53,215.2 5 0
abc-user-management/internal/repositories/mysql.go:13.60,15.2 1 0
abc-user-management/internal/repositories/mysql.go:18.63,20.2 1 0
abc-user-management/internal/repositories/mysql.go:23.71,26.19 3 0
abc-user-management/internal/repositories/mysql.go:26.19,28.6 1 0
abc-user-management/internal/repositories/mysql.go:29.5,29.22 1 0
abc-user-management/internal/repositories/mysql.go:33.79,36.19 3 0
abc-user-management/internal/repositories/mysql.go:36.19,38.6 1 0
abc-user-management/internal/repositories/mysql.go:39.5,39.22 1 0
abc-user-management/internal/repositories/mysql.go:43.101,50.21 4 0
abc-user-management/internal/repositories/mysql.go:50.21,52.6 1 0
abc-user-management/internal/repositories/mysql.go:55.5,61.29 4 0
abc-user-management/internal/repositories/mysql.go:65.63,67.2 1 0
abc-user-management/internal/repositories/mysql.go:70.53,72.2 1 0
abc-user-management/internal/routes/routes.go:20.99,38.24 9 0
abc-user-management/internal/routes/routes.go:38.24,39.53 1 0
abc-user-management/internal/routes/routes.go:39.53,41.4 1 0
abc-user-management/internal/routes/routes.go:41.9,41.55 1 0
abc-user-management/internal/routes/routes.go:41.55,46.4 1 0
abc-user-management/internal/routes/routes.go:50.2,51.19 2 0
abc-user-management/internal/routes/routes.go:51.19,52.48 1 0
abc-user-management/internal/routes/routes.go:52.48,55.18 2 0
abc-user-management/internal/routes/routes.go:55.18,57.5 1 0
abc-user-management/internal/routes/routes.go:57.10,59.5 1 0
abc-user-management/internal/routes/routes.go:60.9,60.59 1 0
abc-user-management/internal/routes/routes.go:60.59,63.4 1 0
abc-user-management/internal/routes/routes.go:67.2,76.2 6 0
abc-user-management/internal/routes/routes.go:76.2,79.3 2 0
abc-user-management/internal/routes/routes.go:79.3,82.4 2 0
abc-user-management/internal/routes/routes.go:85.3,87.3 3 0
abc-user-management/internal/routes/routes.go:87.3,94.4 5 0
abc-user-management/internal/routes/routes.go:97.2,99.45 2 0
abc-user-management/internal/routes/routes.go:99.45,104.3 1 0
abc-user-management/internal/services/auth.go:15.68,19.2 1 0
abc-user-management/internal/services/auth.go:22.83,25.19 2 0
abc-user-management/internal/services/auth.go:25.19,27.6 1 0
abc-user-management/internal/services/auth.go:30.5,30.58 1 0
abc-user-management/internal/services/auth.go:30.58,32.6 1 0
abc-user-management/internal/services/auth.go:35.5,36.19 2 0
abc-user-management/internal/services/auth.go:36.19,38.6 1 0
abc-user-management/internal/services/auth.go:40.5,40.28 1 0
abc-user-management/internal/services/auth.go:44.72,47.24 2 0
abc-user-management/internal/services/auth.go:47.24,49.6 1 0
abc-user-management/internal/services/auth.go:52.5,53.19 2 0
abc-user-management/internal/services/auth.go:53.19,55.6 1 0
abc-user-management/internal/services/auth.go:58.5,67.36 2 0
abc-user-management/internal/services/auth.go:71.65,74.19 2 0
abc-user-management/internal/services/auth.go:74.19,76.6 1 0
abc-user-management/internal/services/auth.go:79.5,80.19 2 0
abc-user-management/internal/services/auth.go:80.19,82.6 1 0
abc-user-management/internal/services/auth.go:84.5,84.22 1 0
abc-user-management/internal/services/cache.go:17.58,22.2 1 0
abc-user-management/internal/services/cache.go:25.86,27.2 1 0
abc-user-management/internal/services/cache.go:30.56,32.25 2 0
abc-user-management/internal/services/cache.go:32.25,34.6 1 0
abc-user-management/internal/services/cache.go:35.5,35.20 1 0
abc-user-management/internal/services/cache.go:39.53,41.39 1 0
abc-user-management/internal/services/cache.go:41.39,43.23 2 0
abc-user-management/internal/services/cache.go:43.23,45.10 1 0
abc-user-management/internal/services/cache.go:46.9,46.26 1 0
abc-user-management/internal/services/cache.go:46.26,48.10 1 0
abc-user-management/internal/services/cache.go:49.9,49.19 1 0
abc-user-management/internal/services/cache.go:52.5,52.46 1 0
abc-user-management/internal/services/cache.go:56.57,58.19 2 0
abc-user-management/internal/services/cache.go:58.19,60.6 1 0
abc-user-management/internal/services/cache.go:61.5,61.24 1 0
abc-user-management/internal/services/cache.go:65.96,67.2 1 0
abc-user-management/internal/services/cache.go:70.68,72.2 1 0
abc-user-management/internal/services/cache.go:75.78,82.30 4 0
abc-user-management/internal/services/cache.go:82.30,84.6 1 0
abc-user-management/internal/services/cache.go:86.5,87.39 2 0
abc-user-management/internal/services/cache.go:87.39,89.6 1 0
abc-user-management/internal/services/cache.go:92.5,92.30 1 0
abc-user-management/internal/services/cache.go:92.30,94.23 2 0
abc-user-management/internal/services/cache.go:94.23,96.10 1 0
abc-user-management/internal/services/cache.go:99.5,99.23 1 0
abc-user-management/internal/services/user.go:22.122,28.2 1 0
abc-user-management/internal/services/user.go:31.59,33.43 1 0
abc-user-management/internal/services/user.go:33.43,35.6 1 0
abc-user-management/internal/services/user.go:38.5,39.24 2 0
abc-user-management/internal/services/user.go:39.24,41.6 1 0
abc-user-management/internal/services/user.go:44.5,45.19 2 0
abc-user-management/internal/services/user.go:45.19,47.6 1 0
abc-user-management/internal/services/user.go:48.5,51.47 2 0
abc-user-management/internal/services/user.go:51.47,53.6 1 0
abc-user-management/internal/services/user.go:56.5,56.23 1 0
abc-user-management/internal/services/user.go:56.23,58.6 1 0
abc-user-management/internal/services/user.go:61.5,61.27 1 0
abc-user-management/internal/services/user.go:61.27,67.6 1 0
abc-user-management/internal/services/user.go:69.5,69.15 1 0
abc-user-management/internal/services/user.go:73.62,75.23 1 0
abc-user-management/internal/services/user.go:75.23,78.39 3 0
abc-user-management/internal/services/user.go:78.39,80.61 2 0
abc-user-management/internal/services/user.go:80.61,82.14 1 0
abc-user-management/internal/services/user.go:87.5,88.19 2 0
abc-user-management/internal/services/user.go:88.19,90.6 1 0
abc-user-management/internal/services/user.go:93.5,93.23 1 0
abc-user-management/internal/services/user.go:93.23,97.6 3 0
abc-user-management/internal/services/user.go:99.5,99.21 1 0
abc-user-management/internal/services/user.go:103.94,108.23 2 0
abc-user-management/internal/services/user.go:108.23,110.39 2 0
abc-user-management/internal/services/user.go:110.39,115.63 2 0
abc-user-management/internal/services/user.go:115.63,117.14 1 0
abc-user-management/internal/services/user.go:122.5,123.19 2 0
abc-user-management/internal/services/user.go:123.19,125.6 1 0
abc-user-management/internal/services/user.go:128.5,128.23 1 0
abc-user-management/internal/services/user.go:128.23,134.6 2 0
abc-user-management/internal/services/user.go:136.5,136.29 1 0
abc-user-management/internal/services/user.go:140.81,142.19 2 0
abc-user-management/internal/services/user.go:142.19,144.6 1 0
abc-user-management/internal/services/user.go:147.5,147.49 1 0
abc-user-management/internal/services/user.go:147.49,149.6 1 0
abc-user-management/internal/services/user.go:150.5,150.44 1 0
abc-user-management/internal/services/user.go:150.44,152.6 1 0
abc-user-management/internal/services/user.go:153.5,153.51 1 0
abc-user-management/internal/services/user.go:153.51,155.6 1 0
abc-user-management/internal/services/user.go:158.5,158.43 1 0
abc-user-management/internal/services/user.go:158.43,160.6 1 0
abc-user-management/internal/services/user.go:163.5,163.47 1 0
abc-user-management/internal/services/user.go:163.47,165.6 1 0
abc-user-management/internal/services/user.go:168.5,168.23 1 0
abc-user-management/internal/services/user.go:168.23,171.6 2 0
abc-user-management/internal/services/user.go:174.5,174.27 1 0
abc-user-management/internal/services/user.go:174.27,180.6 1 0
abc-user-management/internal/services/user.go:182.5,182.15 1 0
abc-user-management/internal/services/user.go:186.49,187.45 1 0
abc-user-management/internal/services/user.go:187.45,189.6 1 0
abc-user-management/internal/services/user.go:192.5,192.23 1 0
abc-user-management/internal/services/user.go:192.23,195.6 2 0
abc-user-management/internal/services/user.go:198.5,198.27 1 0
abc-user-management/internal/services/user.go:198.27,203.6 1 0
abc-user-management/internal/services/user.go:205.5,205.15 1 0
abc-user-management/internal/utils/hash.go:8.52,11.19 2 0
abc-user-management/internal/utils/hash.go:11.19,13.6 1 0
abc-user-management/internal/utils/hash.go:14.5,14.30 1 0
abc-user-management/internal/utils/hash.go:18.52,22.2 2 0
abc-user-management/internal/utils/hash.go:25.58,28.19 2 0
abc-user-management/internal/utils/hash.go:28.19,30.6 1 0
abc-user-management/internal/utils/hash.go:31.5,31.30 1 0
abc-user-management/internal/utils/jwt.go:21.67,42.19 5 0
abc-user-management/internal/utils/jwt.go:42.19,44.6 1 0
abc-user-management/internal/utils/jwt.go:46.5,46.28 1 0
abc-user-management/internal/utils/jwt.go:50.55,54.104 2 0
abc-user-management/internal/utils/jwt.go:54.104,56.64 1 0
abc-user-management/internal/utils/jwt.go:56.64,58.10 1 0
abc-user-management/internal/utils/jwt.go:59.9,59.30 1 0
abc-user-management/internal/utils/jwt.go:62.5,62.19 1 0
abc-user-management/internal/utils/jwt.go:62.19,64.6 1 0
abc-user-management/internal/utils/jwt.go:67.5,67.21 1 0
abc-user-management/internal/utils/jwt.go:67.21,69.6 1 0
abc-user-management/internal/utils/jwt.go:72.5,72.45 1 0
abc-user-management/internal/utils/jwt.go:72.45,74.6 1 0
abc-user-management/internal/utils/jwt.go:76.5,76.23 1 0
abc-user-management/internal/utils/jwt.go:80.50,83.19 2 0
abc-user-management/internal/utils/jwt.go:83.19,85.6 1 0
abc-user-management/internal/utils/jwt.go:88.5,88.65 1 0
abc-user-management/internal/utils/jwt.go:92.34,94.2 1 0
abc-user-management/internal/utils/pagination.go:27.69,29.24 1 0
abc-user-management/internal/utils/pagination.go:29.24,31.6 1 0
abc-user-management/internal/utils/pagination.go:33.5,33.25 1 0
abc-user-management/internal/utils/pagination.go:33.25,35.6 1 0
abc-user-management/internal/utils/pagination.go:38.5,38.27 1 0
abc-user-management/internal/utils/pagination.go:38.27,40.6 1 0
abc-user-management/internal/utils/pagination.go:43.5,43.27 1 0
abc-user-management/internal/utils/pagination.go:43.27,45.6 1 0
abc-user-management/internal/utils/pagination.go:47.5,47.26 1 0
abc-user-management/internal/utils/pagination.go:47.26,49.6 1 0
abc-user-management/internal/utils/pagination.go:51.5,51.18 1 0
abc-user-management/internal/utils/pagination.go:55.43,57.2 1 0
abc-user-management/internal/utils/pagination.go:60.98,72.2 2 0
abc-user-management/internal/utils/validator.go:19.39,23.2 2 0
abc-user-management/internal/utils/validator.go:26.32,28.2 1 0
abc-user-management/internal/utils/validator.go:31.38,35.22 2 0
abc-user-management/internal/utils/validator.go:35.22,37.6 1 0
abc-user-management/internal/utils/validator.go:39.5,39.24 1 0
abc-user-management/internal/utils/validator.go:39.24,41.6 1 0
abc-user-management/internal/utils/validator.go:44.5,45.42 2 0
abc-user-management/internal/utils/validator.go:45.42,47.6 1 0
abc-user-management/internal/utils/validator.go:49.5,49.15 1 0
abc-user-management/internal/utils/validator.go:53.46,54.26 1 0
abc-user-management/internal/utils/validator.go:54.26,56.6 1 0
abc-user-management/internal/utils/validator.go:59.5,63.45 4 0
abc-user-management/internal/utils/validator.go:63.45,65.6 1 0
abc-user-management/internal/utils/validator.go:67.5,67.15 1 0
abc-user-management/internal/utils/validator.go:71.41,80.2 4 0
abc-user-management/internal/utils/validator.go:83.59,85.46 1 0
abc-user-management/internal/utils/validator.go:85.46,87.6 1 0
abc-user-management/internal/utils/validator.go:90.5,90.30 1 0
abc-user-management/internal/utils/validator.go:90.30,92.6 1 0
abc-user-management/internal/utils/validator.go:95.5,95.26 1 0
abc-user-management/internal/utils/validator.go:95.26,97.6 1 0
abc-user-management/internal/utils/validator.go:99.5,99.15 1 0
abc-user-management/pkg/database/mongodb.go:13.69,27.19 7 0
abc-user-management/pkg/database/mongodb.go:27.19,29.6 1 0
abc-user-management/pkg/database/mongodb.go:32.5,33.19 2 0
abc-user-management/pkg/database/mongodb.go:33.19,35.6 1 0
abc-user-management/pkg/database/mongodb.go:38.5,40.25 2 0
abc-user-management/pkg/database/mysql.go:16.57,23.20 4 0
abc-user-management/pkg/database/mysql.go:24.15,25.27 1 0
abc-user-management/pkg/database/mysql.go:26.17,27.33 1 0
abc-user-management/pkg/database/mysql.go:28.10,30.27 1 0
abc-user-management/pkg/database/mysql.go:33.2,33.16 1 0
abc-user-management/pkg/database/mysql.go:33.16,35.3 1 0
abc-user-management/pkg/database/mysql.go:38.2,38.41 1 0
abc-user-management/pkg/database/mysql.go:38.41,40.3 1 0
abc-user-management/pkg/database/mysql.go:42.2,43.16 2 0
abc-user-management/pkg/database/mysql.go:47.54,63.29 3 0
abc-user-management/pkg/database/mysql.go:63.29,65.4 1 0
abc-user-management/pkg/database/mysql.go:69.2,73.34 4 0
abc-user-management/pkg/database/mysql.go:73.34,75.17 2 0
abc-user-management/pkg/database/mysql.go:75.17,76.9 1 0
abc-user-management/pkg/database/mysql.go:79.3,80.23 2 0
abc-user-management/pkg/database/mysql.go:80.23,82.4 1 0
abc-user-management/pkg/database/mysql.go:85.2,85.16 1 0
abc-user-management/pkg/database/mysql.go:85.16,87.3 1 0
abc-user-management/pkg/database/mysql.go:90.2,91.16 2 0
abc-user-management/pkg/database/mysql.go:91.16,93.3 1 0
abc-user-management/pkg/database/mysql.go:96.2,101.36 4 0
abc-user-management/pkg/database/mysql.go:101.36,103.3 1 0
abc-user-management/pkg/database/mysql.go:105.2,106.16 2 0
abc-user-management/pkg/database/mysql.go:109.39,118.16 3 0
abc-user-management/pkg/database/mysql.go:118.16,120.3 1 0
abc-user-management/pkg/database/mysql.go:122.2,123.12 2 0
abc-user-management/pkg/database/mysql.go:127.61,129.2 1 0
abc-user-management/pkg/database/mysql.go:132.33,134.16 2 0
abc-user-management/pkg/database/mysql.go:134.16,136.3 1 0
abc-user-management/pkg/database/mysql.go:137.2,137.22 1 0
abc-user-management/pkg/cache/redis.go:18.49,29.2 2 0
abc-user-management/pkg/cache/redis.go:32.85,34.2 1 0
abc-user-management/pkg/cache/redis.go:37.55,39.2 1 0
abc-user-management/pkg/cache/redis.go:42.52,44.39 1 0
abc-user-management/pkg/cache/redis.go:44.39,46.23 2 0
abc-user-management/pkg/cache/redis.go:46.23,48.10 1 0
abc-user-management/pkg/cache/redis.go:49.9,49.26 1 0
abc-user-management/pkg/cache/redis.go:49.26,51.10 1 0
abc-user-management/pkg/cache/redis.go:52.9,52.19 1 0
abc-user-management/pkg/cache/redis.go:54.5,54.46 1 0
abc-user-management/pkg/cache/redis.go:58.37,60.2 1 0
abc-user-management/pkg/messaging/kafka.go:18.72,27.19 6 0
abc-user-management/pkg/messaging/kafka.go:27.19,29.6 1 0
abc-user-management/pkg/messaging/kafka.go:31.5,34.11 1 0
abc-user-management/pkg/messaging/kafka.go:38.80,47.19 3 0
abc-user-management/pkg/messaging/kafka.go:47.19,49.6 1 0
abc-user-management/pkg/messaging/kafka.go:52.5,60.19 3 0
abc-user-management/pkg/messaging/kafka.go:60.19,63.6 2 0
abc-user-management/pkg/messaging/kafka.go:65.5,67.15 2 0
abc-user-management/pkg/messaging/kafka.go:71.39,73.2 1 0
abc-user-management/pkg/messaging/kafka.go:83.97,91.19 5 0
abc-user-management/pkg/messaging/kafka.go:91.19,93.6 1 0
abc-user-management/pkg/messaging/kafka.go:95.5,98.11 1 0
abc-user-management/pkg/messaging/kafka.go:102.74,106.15 2 0
abc-user-management/pkg/messaging/kafka.go:106.15,107.13 1 0
abc-user-management/pkg/messaging/kafka.go:107.13,109.78 1 0
abc-user-management/pkg/messaging/kafka.go:109.78,111.14 1 0
abc-user-management/pkg/messaging/kafka.go:115.5,116.15 2 0
abc-user-management/pkg/messaging/rabbitmq.go:17.57,23.37 4 0
abc-user-management/pkg/messaging/rabbitmq.go:23.37,25.23 2 0
abc-user-management/pkg/messaging/rabbitmq.go:25.23,26.18 1 0
abc-user-management/pkg/messaging/rabbitmq.go:30.9,33.29 3 0
abc-user-management/pkg/messaging/rabbitmq.go:36.5,36.19 1 0
abc-user-management/pkg/messaging/rabbitmq.go:36.19,38.6 1 0
abc-user-management/pkg/messaging/rabbitmq.go:40.5,41.21 2 0
abc-user-management/pkg/messaging/rabbitmq.go:45.69,47.19 2 0
abc-user-management/pkg/messaging/rabbitmq.go:47.19,49.6 1 0
abc-user-management/pkg/messaging/rabbitmq.go:51.5,52.19 2 0
abc-user-management/pkg/messaging/rabbitmq.go:52.19,55.6 2 0
abc-user-management/pkg/messaging/rabbitmq.go:57.5,61.11 1 0
abc-user-management/pkg/messaging/rabbitmq.go:65.71,75.2 1 0
abc-user-management/pkg/messaging/rabbitmq.go:78.76,87.2 1 0
abc-user-management/pkg/messaging/rabbitmq.go:90.90,98.2 1 0
abc-user-management/pkg/messaging/rabbitmq.go:101.86,114.2 1 0
abc-user-management/pkg/messaging/rabbitmq.go:117.86,127.2 1 0
abc-user-management/pkg/messaging/rabbitmq.go:130.44,131.25 1 0
abc-user-management/pkg/messaging/rabbitmq.go:131.25,132.49 1 0
abc-user-management/pkg/messaging/rabbitmq.go:132.49,134.10 1 0
abc-user-management/pkg/messaging/rabbitmq.go:137.5,137.22 1 0
abc-user-management/pkg/messaging/rabbitmq.go:137.22,138.46 1 0
abc-user-management/pkg/messaging/rabbitmq.go:138.46,140.10 1 0
abc-user-management/pkg/messaging/rabbitmq.go:143.5,143.15 1 0
abc-user-management/pkg/messaging/rabbitmq.go:147.48,153.19 3 0
abc-user-management/pkg/messaging/rabbitmq.go:153.19,155.6 1 0
abc-user-management/pkg/messaging/rabbitmq.go:157.5,158.19 2 0
abc-user-management/pkg/messaging/rabbitmq.go:158.19,161.6 2 0
abc-user-management/pkg/messaging/rabbitmq.go:163.5,166.15 3 0
abc-user-management/pkg/messaging/rabbitmq.go:170.50,182.2 2 0
abc-user-management/tests/integration/mock_user_repo.go:18.30,162.2 1 0
abc-user-management/tests/integration/mock_user_repo.go:165.44,169.29 3 0
abc-user-management/tests/integration/mock_user_repo.go:169.29,181.3 1 0
abc-user-management/tests/integration/mock_user_repo.go:183.2,183.14 1 0
abc-user-management/tests/integration/mock_user_repo.go:194.41,222.2 1 0
abc-user-management/tests/integration/mock_user_repo.go:225.38,255.31 3 0
abc-user-management/tests/integration/mock_user_repo.go:255.31,256.37 1 0
abc-user-management/tests/integration/mock_user_repo.go:256.37,259.4 1 0
abc-user-management/tests/integration/mock_user_repo.go:264.39,267.37 2 0
abc-user-management/tests/integration/mock_user_repo.go:267.37,268.30 1 0
abc-user-management/tests/integration/mock_user_repo.go:268.30,271.4 1 0
abc-user-management/tests/integration/mock_user_repo.go:274.2,274.35 1 0
abc-user-management/tests/integration/mock_user_repo.go:274.35,275.30 1 0
abc-user-management/tests/integration/mock_user_repo.go:275.30,278.4 1 0
abc-user-management/tests/integration/mock_user_repo.go:281.2,281.37 1 0
abc-user-management/tests/integration/mock_user_repo.go:281.37,282.30 1 0
abc-user-management/tests/integration/mock_user_repo.go:282.30,286.4 2 0
abc-user-management/tests/integration/mock_user_repo.go:289.2,289.37 1 0
abc-user-management/tests/integration/mock_user_repo.go:289.37,290.30 1 0
abc-user-management/tests/integration/mock_user_repo.go:290.30,293.4 1 0
abc-user-management/tests/integration/mock_user_repo.go:298.44,301.41 1 0
abc-user-management/tests/integration/mock_user_repo.go:301.41,315.32 2 0
abc-user-management/tests/integration/mock_user_repo.go:315.32,318.4 1 0
abc-user-management/tests/integration/mock_user_repo.go:321.2,321.37 1 0
abc-user-management/tests/integration/mock_user_repo.go:321.37,324.35 2 0
abc-user-management/tests/integration/mock_user_repo.go:324.35,327.4 1 0
abc-user-management/tests/integration/mock_user_repo.go:332.39,335.41 2 0
abc-user-management/tests/integration/mock_user_repo.go:335.41,339.3 2 0
abc-user-management/tests/integration/mock_user_repo.go:341.2,341.43 1 0
abc-user-management/tests/integration/mock_user_repo.go:341.43,345.3 2 0
abc-user-management/tests/integration/mock_user_repo.go:347.2,347.46 1 0
abc-user-management/tests/integration/mock_user_repo.go:347.46,350.3 1 0
abc-user-management/tests/integration/mock_user_repo.go:352.2,352.49 1 0
abc-user-management/tests/integration/mock_user_repo.go:352.49,354.38 2 0
abc-user-management/tests/integration/mock_user_repo.go:354.38,357.4 1 0
abc-user-management/tests/integration/mock_user_repo.go:362.38,405.42 2 0
abc-user-management/tests/integration/mock_user_repo.go:405.42,406.43 1 0
abc-user-management/tests/integration/mock_user_repo.go:406.43,409.4 1 0
abc-user-management/tests/integration/mock_user_repo.go:414.42,419.27 4 0
abc-user-management/tests/integration/mock_user_repo.go:419.27,423.3 1 0
abc-user-management/tests/integration/mock_user_repo.go:426.43,428.27 2 0
abc-user-management/tests/integration/mock_user_repo.go:428.28,431.3 0 0
abc-user-management/tests/integration/mock_user_repo.go:434.40,438.27 3 0
abc-user-management/tests/integration/mock_user_repo.go:438.27,442.3 2 0
abc-user-management/tests/integration/mock_user_repo.go:446.44,450.29 3 0
abc-user-management/tests/integration/mock_user_repo.go:450.29,451.16 1 0
abc-user-management/tests/integration/mock_user_repo.go:451.16,453.4 1 0
abc-user-management/tests/integration/mock_user_repo.go:455.3,455.11 1 0
abc-user-management/tests/integration/mock_user_repo.go:458.2,458.47 1 0
